[debug] [2026-04-11T12:59:11.603Z] ----------------------------------------------------------------------
[debug] [2026-04-11T12:59:11.605Z] Command:       D:\Program Files\nodejs\node.exe C:\Users\jingwhei\AppData\Roaming\npm\node_modules\firebase-tools\lib\bin\firebase.js init
[debug] [2026-04-11T12:59:11.606Z] CLI Version:   15.14.0
[debug] [2026-04-11T12:59:11.606Z] Platform:      win32
[debug] [2026-04-11T12:59:11.606Z] Node Version:  v22.13.0
[debug] [2026-04-11T12:59:11.606Z] Time:          Sat Apr 11 2026 20:59:11 GMT+0800 (Malaysia Time)
[debug] [2026-04-11T12:59:11.606Z] ----------------------------------------------------------------------
[debug] 
[info] 
     ######## #### ########  ######## ########     ###     ######  ########
     ##        ##  ##     ## ##       ##     ##  ##   ##  ##       ##
     ######    ##  ########  ######   ########  #########  ######  ######
     ##        ##  ##    ##  ##       ##     ## ##     ##       ## ##
     ##       #### ##     ## ######## ########  ##     ##  ######  ########

You're about to initialize a Firebase project in this directory:

  D:\Code\Project\argiculture-main\frontend

[debug] [2026-04-11T13:01:08.853Z] ExitPromptError: User force closed the prompt with SIGINT
    at Interface.sigint (C:\Users\jingwhei\AppData\Roaming\npm\node_modules\firebase-tools\node_modules\@inquirer\core\dist\commonjs\lib\create-prompt.js:101:37)
    at Interface.emit (node:events:524:28)
    at [_ttyWrite] [as _ttyWrite] (node:internal/readline/interface:1124:18)
    at ReadStream.onkeypress (node:internal/readline/interface:263:20)
    at ReadStream.emit (node:events:536:35)
    at emitKeys (node:internal/readline/utils:370:14)
    at emitKeys.next (<anonymous>)
    at ReadStream.onData (node:internal/readline/emitKeypressEvents:64:36)
    at ReadStream.emit (node:events:524:28)
    at addChunk (node:internal/streams/readable:561:12)
[error] 
[error] Error: An unexpected error has occurred.
